[s3.amazonaws.com/itsalmost-production/app/staticfiles/favicons/apple-icon-57x57.png]
[s3.amazonaws.com/itsalmost-production/app/staticfiles/favicons/apple-icon-60x60.png]
[s3.amazonaws.com/itsalmost-production/app/staticfiles/favicons/apple-icon-72x72.png]
[s3.amazonaws.com/itsalmost-production/app/staticfiles/favicons/apple-icon-76x76.png]
[s3.amazonaws.com/itsalmost-production/app/staticfiles/favicons/apple-icon-114x114.png]
[s3.amazonaws.com/itsalmost-production/app/staticfiles/favicons/apple-icon-120x120.png]
[s3.amazonaws.com/itsalmost-production/app/staticfiles/favicons/apple-icon-144x144.png]
[s3.amazonaws.com/itsalmost-production/app/staticfiles/favicons/apple-icon-152x152.png]
[s3.amazonaws.com/itsalmost-production/app/staticfiles/favicons/apple-icon-180x180.png]
[s3.amazonaws.com/itsalmost-production/app/staticfiles/favicons/android-icon-192x192.png]
[s3.amazonaws.com/itsalmost-production/app/staticfiles/favicons/favicon-32x32.png]
[s3.amazonaws.com/itsalmost-production/app/staticfiles/favicons/favicon-96x96.png]
[s3.amazonaws.com/itsalmost-production/app/staticfiles/favicons/favicon-16x16.png]
[s3.amazonaws.com/itsalmost-production/app/staticfiles/favicons/ms-icon-144x144.png]
[backblue.gif]
[fade.gif]
[index.html]
[use.typekit.net/mfg7yeo.css]
[s3.amazonaws.com/itsalmost-production/app/staticfiles/bundles/timer.5c7385936373fe88ea87.js]
[apis.google.com/js/platform.js]
[itsalmo.st/shins-birthday-kg5l.html]
[s3.amazonaws.com/itsalmost-production/app/staticfiles/bundles/timer.5c7385936373fe88ea87.css]
[use.typekit.net/af/6e84fe/00000000000000003b9b1e46/27/l0b8e]
[use.typekit.net/af/6e84fe/00000000000000003b9b1e46/27/d0b8e]
[use.typekit.net/af/6e84fe/00000000000000003b9b1e46/27/a0b8e]
[use.typekit.net/af/1e9639/00000000000000003b9b1e44/27/l6651]
[use.typekit.net/af/1e9639/00000000000000003b9b1e44/27/d6651]
[use.typekit.net/af/1e9639/00000000000000003b9b1e44/27/a6651]
[use.typekit.net/af/d71088/00000000000000003b9b1e47/27/l7188]
[use.typekit.net/af/d71088/00000000000000003b9b1e47/27/d7188]
[use.typekit.net/af/d71088/00000000000000003b9b1e47/27/a7188]
[use.typekit.net/af/7dffb4/00000000000000003b9b1e4a/27/le54d]
[use.typekit.net/af/7dffb4/00000000000000003b9b1e4a/27/de54d]
[use.typekit.net/af/7dffb4/00000000000000003b9b1e4a/27/ae54d]
[use.typekit.net/mfg7yeo.css]
[p.typekit.net/p9cbe.css]
